andNatural: 532
bitNatural: 16
minusNatural: 989
naturalFromInteger: 200109
naturalToInteger: 200113
negateNatural: 0
orNatural: 239579
plusNatural: 200121
popCountNatural: 12
quotNatural: 641
quotRemNatural: (813,64)
remNatural: 68
shiftLNatural: 1601040
shiftRNatural: 6254
signumNaturalP: 1
signumNaturalZ: 0
testBitNaturalT: True
testBitNaturalF: False
timesNatural: 683678240
xorNatural: 239055
